[dotenv@17.3.1] injecting env (16) from .env -- tip: ÔÜÖ´©Å  load multiple .env files with { path: ['.env.local', '.env'] }
node : Error listing models: TypeError: genAI.listModels is not a 
function
No linha:1 caractere:1
+ node test-gemini.js > test-output.txt 2>&1
+ ~~~~~~~~~~~~~~~~~~~~~~~~~~~~~~~~~~~~~~~~~~
    + CategoryInfo          : NotSpecified: (Error listing m... not 
    a function:String) [], RemoteException
    + FullyQualifiedErrorId : NativeCommandError
 
    at listModels (E:\Documentos\Alura\cliente\Carlos\SJ\socialjurid
ico\test-gemini.js:8:32)
    at Object.<anonymous> (E:\Documentos\Alura\cliente\Carlos\SJ\soc
ialjuridico\test-gemini.js:15:1)
    at Module._compile (node:internal/modules/cjs/loader:1730:14)
    at Object..js (node:internal/modules/cjs/loader:1895:10)
    at Module.load (node:internal/modules/cjs/loader:1465:32)
    at Function._load (node:internal/modules/cjs/loader:1282:12)
    at TracingChannel.traceSync (node:diagnostics_channel:322:14)
    at wrapModuleLoad (node:internal/modules/cjs/loader:235:24)
    at Function.executeUserEntryPoint [as runMain] 
(node:internal/modules/run_main:171:5)
    at node:internal/main/run_main_module:36:49
